Warning: NLS unused message: QTEST in: com.kms.katalon.constants.globalMessages
Warning: NLS missing message: QTEST_NAME in: com.kms.katalon.constants.globalMessages
2025-07-10 13:53:31.940 INFO  c.k.katalon.core.main.TestSuiteExecutor  - START Test Suites/Indicator/Indicator reporting days
2025-07-10 13:53:32.087 INFO  c.k.katalon.core.main.TestSuiteExecutor  - userFullName = Santhosh Nidamanuri
2025-07-10 13:53:32.087 INFO  c.k.katalon.core.main.TestSuiteExecutor  - projectName = RegressionSuite
2025-07-10 13:53:32.087 INFO  c.k.katalon.core.main.TestSuiteExecutor  - hostName = santh - Santhosh
2025-07-10 13:53:32.087 INFO  c.k.katalon.core.main.TestSuiteExecutor  - os = Windows 11 64bit
2025-07-10 13:53:32.087 INFO  c.k.katalon.core.main.TestSuiteExecutor  - hostAddress = 192.168.29.136
2025-07-10 13:53:32.091 INFO  c.k.katalon.core.main.TestSuiteExecutor  - katalonVersion = 10.2.3.0
2025-07-10 13:53:32.857 INFO  c.k.katalon.core.main.TestCaseExecutor   - --------------------
2025-07-10 13:53:32.857 INFO  c.k.katalon.core.main.TestCaseExecutor   - START Test Cases/Indicator Current Date-1, 1 response interval and 1 reporting days
2025-07-10 13:53:33.460 DEBUG 1 response interval and 1 reporting days - 1: openBrowser("")
2025-07-10 13:53:33.760 INFO  c.k.k.core.webui.driver.DriverFactory    - Starting 'Chrome' driver
2025-07-10 13:53:33.855 INFO  c.k.k.core.webui.driver.DriverFactory    - Action delay is set to 0 milliseconds
Jul 10, 2025 1:53:36 PM org.openqa.selenium.devtools.CdpVersionFinder findNearestMatch
WARNING: Unable to find an exact match for CDP version 137, returning the closest version; found: 135; Please update to a Selenium version that supports CDP version 137
2025-07-10 13:53:36.784 INFO  c.k.k.core.webui.driver.DriverFactory    - sessionId = c2af66593d81a54acdb7fc340addb4fd
2025-07-10 13:53:36.787 INFO  c.k.k.core.webui.driver.DriverFactory    - browser = Chrome 137.0.7151.120
2025-07-10 13:53:36.787 INFO  c.k.k.core.webui.driver.DriverFactory    - platform = Windows 11
2025-07-10 13:53:36.787 INFO  c.k.k.core.webui.driver.DriverFactory    - seleniumVersion = 4.28.1
2025-07-10 13:53:36.799 INFO  c.k.k.core.webui.driver.DriverFactory    - proxyInformation = ProxyInformation { proxyOption=NO_PROXY, proxyServerType=HTTP, username=, password=********, proxyServerAddress=, proxyServerPort=0, executionList="", isApplyToDesiredCapabilities=true }
2025-07-10 13:53:36.867 DEBUG 1 response interval and 1 reporting days - 2: navigateToUrl("https://bug-nation.cgrfoundation-staging.com/accounts/login")
2025-07-10 13:53:40.237 DEBUG 1 response interval and 1 reporting days - 3: maximizeWindow()
2025-07-10 13:53:40.423 DEBUG 1 response interval and 1 reporting days - 4: setText(findTestObject("Object Repository/Page_CGR Foundation/input_Email address_accountemail"), "santhosh.nidamanuri@corpgovrisk.com")
2025-07-10 13:53:41.383 DEBUG 1 response interval and 1 reporting days - 5: setEncryptedText(findTestObject("Object Repository/Page_CGR Foundation/input_Password_accountpassword"), "g9InqrzvBVyAQwkGaiz+Ig==")
2025-07-10 13:53:41.761 DEBUG 1 response interval and 1 reporting days - 6: click(findTestObject("Object Repository/Page_CGR Foundation/input_Remember me_commit"))
2025-07-10 13:53:45.870 DEBUG 1 response interval and 1 reporting days - 7: navigateToUrl("https://bug-nation.cgrfoundation-staging.com/indicators/110")
2025-07-10 13:53:47.555 DEBUG 1 response interval and 1 reporting days - 8: click(findTestObject("Object Repository/Page_Indicators - CGR Foundation (6)/button_Edit"))
2025-07-10 13:53:49.905 DEBUG 1 response interval and 1 reporting days - 9: click(findTestObject("Object Repository/Page_Indicators - CGR Foundation (6)/input_Next Report Date_due_date"))
2025-07-10 13:53:52.151 DEBUG 1 response interval and 1 reporting days - 10: setText(findTestObject("Object Repository/Page_Indicators - CGR Foundation (6)/input_Next Report Date_due_date"), minusDays(1).format(DateTimeFormatter.ofPattern("dd/MM/yyyy")))
2025-07-10 13:53:53.051 DEBUG 1 response interval and 1 reporting days - 11: click(findTestObject("Object Repository/Page_Indicators - CGR Foundation (6)/button_Save"))
2025-07-10 13:53:54.043 DEBUG 1 response interval and 1 reporting days - 12: verifyElementText(findTestObject("Object Repository/Page_Indicators - CGR Foundation (6)/div_08 July, 2025"), minusDays(1).format(DateTimeFormatter.ofPattern("dd MMMM, yyyy")))
2025-07-10 13:53:56.884 DEBUG 1 response interval and 1 reporting days - 13: navigateToUrl("https://bug-nation.cgrfoundation-staging.com/admin/jobs")
2025-07-10 13:53:57.922 DEBUG 1 response interval and 1 reporting days - 14: click(findTestObject("Object Repository/Page_Background Jobs - CGR Foundation (6)/a_Run"))
2025-07-10 13:53:58.888 DEBUG 1 response interval and 1 reporting days - 15: navigateToUrl("https://bug-nation.cgrfoundation-staging.com/indicators/110")
2025-07-10 13:54:01.552 DEBUG 1 response interval and 1 reporting days - 16: verifyElementText(findTestObject("Object Repository/Page_Indicators - CGR Foundation (6)/div_09 July, 2025"), now().format(DateTimeFormatter.ofPattern("dd MMMM, yyyy")))
2025-07-10 13:54:03.611 ERROR c.k.k.core.keyword.internal.KeywordMain  - ❌ Actual text '09 July, 2025' and expected text '10 July, 2025' of test object 'Object Repository/Page_Indicators - CGR Foundation (6)/div_09 July, 2025' are NOT matched. (Root cause: com.kms.katalon.core.exception.StepFailedException: Actual text '09 July, 2025' and expected text '10 July, 2025' of test object 'Object Repository/Page_Indicators - CGR Foundation (6)/div_09 July, 2025' are NOT matched.
	at com.kms.katalon.core.webui.keyword.internal.WebUIKeywordMain.stepFailed(WebUIKeywordMain.groovy:118)
	at com.kms.katalon.core.webui.keyword.builtin.VerifyElementTextKeyword$_verifyElementText_closure1.doCall(VerifyElementTextKeyword.groovy:57)
	at com.kms.katalon.core.webui.keyword.builtin.VerifyElementTextKeyword$_verifyElementText_closure1.call(VerifyElementTextKeyword.groovy)
	at com.kms.katalon.core.webui.keyword.internal.WebUIKeywordMain.runKeyword(WebUIKeywordMain.groovy:35)
	at com.kms.katalon.core.webui.keyword.builtin.VerifyElementTextKeyword.verifyElementText(VerifyElementTextKeyword.groovy:72)
	at com.kms.katalon.core.webui.keyword.builtin.VerifyElementTextKeyword.execute(VerifyElementTextKeyword.groovy:40)
	at com.kms.katalon.core.keyword.internal.KeywordExecutor.executeKeywordForPlatform(KeywordExecutor.groovy:64)
	at com.kms.katalon.core.webui.keyword.WebUiBuiltInKeywords.verifyElementText(WebUiBuiltInKeywords.groovy:4994)
	at Indicator Current Date-1, 1 response interval and 1 reporting days.run(Indicator Current Date-1, 1 response interval and 1 reporting days:58)
	at com.kms.katalon.core.main.ScriptEngine.run(ScriptEngine.java:194)
	at com.kms.katalon.core.main.ScriptEngine.runScriptAsRawText(ScriptEngine.java:119)
	at com.kms.katalon.core.main.TestCaseExecutor.runScript(TestCaseExecutor.java:485)
	at com.kms.katalon.core.main.TestCaseExecutor.doExecute(TestCaseExecutor.java:476)
	at com.kms.katalon.core.main.TestCaseExecutor.processExecutionPhase(TestCaseExecutor.java:455)
	at com.kms.katalon.core.main.TestCaseExecutor.accessMainPhase(TestCaseExecutor.java:447)
	at com.kms.katalon.core.main.TestCaseExecutor.execute(TestCaseExecutor.java:321)
	at com.kms.katalon.core.common.CommonExecutor.accessTestCaseMainPhase(CommonExecutor.java:71)
	at com.kms.katalon.core.main.TestSuiteExecutor.accessTestSuiteMainPhase(TestSuiteExecutor.java:160)
	at com.kms.katalon.core.main.TestSuiteExecutor.execute(TestSuiteExecutor.java:107)
	at com.kms.katalon.core.main.TestCaseMain.startTestSuite(TestCaseMain.java:195)
	at TempTestSuite1752135807090.run(TempTestSuite1752135807090.groovy:35)
	at java.base/jdk.internal.reflect.NativeMethodAccessorImpl.invoke0(Native Method)
	at java.base/jdk.internal.reflect.NativeMethodAccessorImpl.invoke(NativeMethodAccessorImpl.java:77)
	at java.base/jdk.internal.reflect.DelegatingMethodAccessorImpl.invoke(DelegatingMethodAccessorImpl.java:43)
)
2025-07-10 13:54:03.815 ERROR c.k.k.core.keyword.internal.KeywordMain  - ❌ Verify element text of test object 'Object Repository/Page_Indicators - CGR Foundation (6)/div_09 July, 2025' FAILED. (Root cause: com.kms.katalon.core.exception.StepFailedException: Verify element text of test object 'Object Repository/Page_Indicators - CGR Foundation (6)/div_09 July, 2025' FAILED.
	at com.kms.katalon.core.webui.keyword.internal.WebUIKeywordMain.stepFailed(WebUIKeywordMain.groovy:118)
	at com.kms.katalon.core.webui.keyword.internal.WebUIKeywordMain.runKeyword(WebUIKeywordMain.groovy:43)
	at com.kms.katalon.core.webui.keyword.builtin.VerifyElementTextKeyword.verifyElementText(VerifyElementTextKeyword.groovy:72)
	at com.kms.katalon.core.webui.keyword.builtin.VerifyElementTextKeyword.execute(VerifyElementTextKeyword.groovy:40)
	at com.kms.katalon.core.keyword.internal.KeywordExecutor.executeKeywordForPlatform(KeywordExecutor.groovy:64)
	at com.kms.katalon.core.webui.keyword.WebUiBuiltInKeywords.verifyElementText(WebUiBuiltInKeywords.groovy:4994)
	at Indicator Current Date-1, 1 response interval and 1 reporting days.run(Indicator Current Date-1, 1 response interval and 1 reporting days:58)
	at com.kms.katalon.core.main.ScriptEngine.run(ScriptEngine.java:194)
	at com.kms.katalon.core.main.ScriptEngine.runScriptAsRawText(ScriptEngine.java:119)
	at com.kms.katalon.core.main.TestCaseExecutor.runScript(TestCaseExecutor.java:485)
	at com.kms.katalon.core.main.TestCaseExecutor.doExecute(TestCaseExecutor.java:476)
	at com.kms.katalon.core.main.TestCaseExecutor.processExecutionPhase(TestCaseExecutor.java:455)
	at com.kms.katalon.core.main.TestCaseExecutor.accessMainPhase(TestCaseExecutor.java:447)
	at com.kms.katalon.core.main.TestCaseExecutor.execute(TestCaseExecutor.java:321)
	at com.kms.katalon.core.common.CommonExecutor.accessTestCaseMainPhase(CommonExecutor.java:71)
	at com.kms.katalon.core.main.TestSuiteExecutor.accessTestSuiteMainPhase(TestSuiteExecutor.java:160)
	at com.kms.katalon.core.main.TestSuiteExecutor.execute(TestSuiteExecutor.java:107)
	at com.kms.katalon.core.main.TestCaseMain.startTestSuite(TestCaseMain.java:195)
	at TempTestSuite1752135807090.run(TempTestSuite1752135807090.groovy:35)
	at java.base/jdk.internal.reflect.NativeMethodAccessorImpl.invoke0(Native Method)
	at java.base/jdk.internal.reflect.NativeMethodAccessorImpl.invoke(NativeMethodAccessorImpl.java:77)
	at java.base/jdk.internal.reflect.DelegatingMethodAccessorImpl.invoke(DelegatingMethodAccessorImpl.java:43)
Caused by: com.kms.katalon.core.exception.StepFailedException: Actual text '09 July, 2025' and expected text '10 July, 2025' of test object 'Object Repository/Page_Indicators - CGR Foundation (6)/div_09 July, 2025' are NOT matched.
	at com.kms.katalon.core.webui.keyword.internal.WebUIKeywordMain.stepFailed(WebUIKeywordMain.groovy:118)
	at com.kms.katalon.core.webui.keyword.builtin.VerifyElementTextKeyword$_verifyElementText_closure1.doCall(VerifyElementTextKeyword.groovy:57)
	at com.kms.katalon.core.webui.keyword.builtin.VerifyElementTextKeyword$_verifyElementText_closure1.call(VerifyElementTextKeyword.groovy)
	at com.kms.katalon.core.webui.keyword.internal.WebUIKeywordMain.runKeyword(WebUIKeywordMain.groovy:35)
	... 20 more
)
2025-07-10 13:54:03.820 ERROR c.k.katalon.core.main.TestCaseExecutor   - ❌ Test Cases/Indicator Current Date-1, 1 response interval and 1 reporting days FAILED.
Reason:
com.kms.katalon.core.exception.StepFailedException: Verify element text of test object 'Object Repository/Page_Indicators - CGR Foundation (6)/div_09 July, 2025' FAILED.
	at com.kms.katalon.core.webui.keyword.internal.WebUIKeywordMain.stepFailed(WebUIKeywordMain.groovy:118)
	at com.kms.katalon.core.webui.keyword.internal.WebUIKeywordMain.runKeyword(WebUIKeywordMain.groovy:43)
	at com.kms.katalon.core.webui.keyword.builtin.VerifyElementTextKeyword.verifyElementText(VerifyElementTextKeyword.groovy:72)
	at com.kms.katalon.core.webui.keyword.builtin.VerifyElementTextKeyword.execute(VerifyElementTextKeyword.groovy:40)
	at com.kms.katalon.core.keyword.internal.KeywordExecutor.executeKeywordForPlatform(KeywordExecutor.groovy:64)
	at com.kms.katalon.core.webui.keyword.WebUiBuiltInKeywords.verifyElementText(WebUiBuiltInKeywords.groovy:4994)
	at Indicator Current Date-1, 1 response interval and 1 reporting days.run(Indicator Current Date-1, 1 response interval and 1 reporting days:58)
	at com.kms.katalon.core.main.ScriptEngine.run(ScriptEngine.java:194)
	at com.kms.katalon.core.main.ScriptEngine.runScriptAsRawText(ScriptEngine.java:119)
	at com.kms.katalon.core.main.TestCaseExecutor.runScript(TestCaseExecutor.java:485)
	at com.kms.katalon.core.main.TestCaseExecutor.doExecute(TestCaseExecutor.java:476)
	at com.kms.katalon.core.main.TestCaseExecutor.processExecutionPhase(TestCaseExecutor.java:455)
	at com.kms.katalon.core.main.TestCaseExecutor.accessMainPhase(TestCaseExecutor.java:447)
	at com.kms.katalon.core.main.TestCaseExecutor.execute(TestCaseExecutor.java:321)
	at com.kms.katalon.core.common.CommonExecutor.accessTestCaseMainPhase(CommonExecutor.java:71)
	at com.kms.katalon.core.main.TestSuiteExecutor.accessTestSuiteMainPhase(TestSuiteExecutor.java:160)
	at com.kms.katalon.core.main.TestSuiteExecutor.execute(TestSuiteExecutor.java:107)
	at com.kms.katalon.core.main.TestCaseMain.startTestSuite(TestCaseMain.java:195)
	at TempTestSuite1752135807090.run(TempTestSuite1752135807090.groovy:35)
	at java.base/jdk.internal.reflect.NativeMethodAccessorImpl.invoke0(Native Method)
	at java.base/jdk.internal.reflect.NativeMethodAccessorImpl.invoke(NativeMethodAccessorImpl.java:77)
	at java.base/jdk.internal.reflect.DelegatingMethodAccessorImpl.invoke(DelegatingMethodAccessorImpl.java:43)
Caused by: com.kms.katalon.core.exception.StepFailedException: Actual text '09 July, 2025' and expected text '10 July, 2025' of test object 'Object Repository/Page_Indicators - CGR Foundation (6)/div_09 July, 2025' are NOT matched.
	at com.kms.katalon.core.webui.keyword.internal.WebUIKeywordMain.stepFailed(WebUIKeywordMain.groovy:118)
	at com.kms.katalon.core.webui.keyword.builtin.VerifyElementTextKeyword$_verifyElementText_closure1.doCall(VerifyElementTextKeyword.groovy:57)
	at com.kms.katalon.core.webui.keyword.builtin.VerifyElementTextKeyword$_verifyElementText_closure1.call(VerifyElementTextKeyword.groovy)
	at com.kms.katalon.core.webui.keyword.internal.WebUIKeywordMain.runKeyword(WebUIKeywordMain.groovy:35)
	... 20 more

2025-07-10 13:54:03.827 INFO  c.k.katalon.core.main.TestCaseExecutor   - END Test Cases/Indicator Current Date-1, 1 response interval and 1 reporting days
2025-07-10 13:54:03.836 INFO  c.k.katalon.core.main.TestCaseExecutor   - --------------------
2025-07-10 13:54:03.836 INFO  c.k.katalon.core.main.TestCaseExecutor   - START Test Cases/Indicator Current Date-1, 1 response interval and 1 reporting days
2025-07-10 13:54:03.925 DEBUG 1 response interval and 1 reporting days - 1: openBrowser("")
2025-07-10 13:54:03.937 WARN  c.k.k.core.webui.driver.DriverFactory    - A browser is already opened. Closing browser and opening a new one
2025-07-10 13:54:04.784 INFO  c.k.k.core.webui.driver.DriverFactory    - Starting 'Chrome' driver
2025-07-10 13:54:04.788 INFO  c.k.k.core.webui.driver.DriverFactory    - Action delay is set to 0 milliseconds
Jul 10, 2025 1:54:06 PM org.openqa.selenium.devtools.CdpVersionFinder findNearestMatch
WARNING: Unable to find an exact match for CDP version 137, returning the closest version; found: 135; Please update to a Selenium version that supports CDP version 137
2025-07-10 13:54:06.500 INFO  c.k.k.core.webui.driver.DriverFactory    - sessionId = 53ed5c0d73532bc440eb75162359e984
2025-07-10 13:54:06.504 INFO  c.k.k.core.webui.driver.DriverFactory    - browser = Chrome 137.0.7151.120
2025-07-10 13:54:06.505 INFO  c.k.k.core.webui.driver.DriverFactory    - platform = Windows 11
2025-07-10 13:54:06.505 INFO  c.k.k.core.webui.driver.DriverFactory    - seleniumVersion = 4.28.1
2025-07-10 13:54:06.505 INFO  c.k.k.core.webui.driver.DriverFactory    - proxyInformation = ProxyInformation { proxyOption=NO_PROXY, proxyServerType=HTTP, username=, password=********, proxyServerAddress=, proxyServerPort=0, executionList="", isApplyToDesiredCapabilities=true }
2025-07-10 13:54:06.544 DEBUG 1 response interval and 1 reporting days - 2: navigateToUrl("https://bug-nation.cgrfoundation-staging.com/accounts/login")
2025-07-10 13:54:07.051 DEBUG 1 response interval and 1 reporting days - 3: maximizeWindow()
2025-07-10 13:54:07.124 DEBUG 1 response interval and 1 reporting days - 4: setText(findTestObject("Object Repository/Page_CGR Foundation/input_Email address_accountemail"), "santhosh.nidamanuri@corpgovrisk.com")
2025-07-10 13:54:07.933 DEBUG 1 response interval and 1 reporting days - 5: setEncryptedText(findTestObject("Object Repository/Page_CGR Foundation/input_Password_accountpassword"), "g9InqrzvBVyAQwkGaiz+Ig==")
2025-07-10 13:54:08.340 DEBUG 1 response interval and 1 reporting days - 6: click(findTestObject("Object Repository/Page_CGR Foundation/input_Remember me_commit"))
2025-07-10 13:54:10.374 DEBUG 1 response interval and 1 reporting days - 7: navigateToUrl("https://bug-nation.cgrfoundation-staging.com/indicators/110")
2025-07-10 13:54:11.692 DEBUG 1 response interval and 1 reporting days - 8: click(findTestObject("Object Repository/Page_Indicators - CGR Foundation (6)/button_Edit"))
2025-07-10 13:54:13.976 DEBUG 1 response interval and 1 reporting days - 9: click(findTestObject("Object Repository/Page_Indicators - CGR Foundation (6)/input_Next Report Date_due_date"))
2025-07-10 13:54:16.037 DEBUG 1 response interval and 1 reporting days - 10: setText(findTestObject("Object Repository/Page_Indicators - CGR Foundation (6)/input_Next Report Date_due_date"), minusDays(1).format(DateTimeFormatter.ofPattern("dd/MM/yyyy")))
2025-07-10 13:54:17.333 DEBUG 1 response interval and 1 reporting days - 11: click(findTestObject("Object Repository/Page_Indicators - CGR Foundation (6)/button_Save"))
2025-07-10 13:54:18.094 DEBUG 1 response interval and 1 reporting days - 12: verifyElementText(findTestObject("Object Repository/Page_Indicators - CGR Foundation (6)/div_08 July, 2025"), minusDays(1).format(DateTimeFormatter.ofPattern("dd MMMM, yyyy")))
2025-07-10 13:54:18.124 WARN  c.k.k.c.webui.common.WebUiCommonHelper   - [SELF-HEALING] Failed to find element with id 'Object Repository/Page_Indicators - CGR Foundation (6)/div_08 July, 2025'. Try using Self-healing.
2025-07-10 13:54:18.158 WARN  c.k.k.c.webui.common.WebUiCommonHelper   - [SELF-HEALING] unexpected alert open: {Alert text : Are you sure you want to close this window? Unsaved changes will be lost.}
  (Session info: chrome=137.0.7151.120): Are you sure you want to close this window? Unsaved changes will be lost.
Build info: version: '4.28.1', revision: '73f5ad48a2'
System info: os.name: 'Windows 11', os.arch: 'amd64', os.version: '10.0', java.version: '17.0.14'
Driver info: com.kms.katalon.selenium.driver.CChromeDriver
Command: [53ed5c0d73532bc440eb75162359e984, findElements {value=//div[@id='js-MainContent']/div/div[3]/div/div[2]/div/div/div/div[2]/div, using=xpath}]
Capabilities {acceptInsecureCerts: false, browserName: chrome, browserVersion: 137.0.7151.120, chrome: {chromedriverVersion: 137.0.7151.55 (254bc711794d..., userDataDir: C:\Users\santh\AppData\Loca...}, fedcm:accounts: true, goog:chromeOptions: {debuggerAddress: localhost:60708}, networkConnectionEnabled: false, pageLoadStrategy: normal, platformName: windows, proxy: Proxy(), se:cdp: ws://localhost:60708/devtoo..., se:cdpVersion: 137.0.7151.120, setWindowRect: true, strictFileInteractability: false, timeouts: {implicit: 0, pageLoad: 300000, script: 30000}, unhandledPromptBehavior: ignore, webSocketUrl: ws://localhost:22913/sessio..., webauthn:extension:credBlob: true, webauthn:extension:largeBlob: true, webauthn:extension:minPinLength: true, webauthn:extension:prf: true, webauthn:virtualAuthenticators: true}
Session ID: 53ed5c0d73532bc440eb75162359e984
2025-07-10 13:54:19.165 WARN  c.k.k.c.webui.common.WebUiCommonHelper   - [SELF-HEALING] unexpected alert open: {Alert text : Are you sure you want to close this window? Unsaved changes will be lost.}
  (Session info: chrome=137.0.7151.120): Are you sure you want to close this window? Unsaved changes will be lost.
Build info: version: '4.28.1', revision: '73f5ad48a2'
System info: os.name: 'Windows 11', os.arch: 'amd64', os.version: '10.0', java.version: '17.0.14'
Driver info: com.kms.katalon.selenium.driver.CChromeDriver
Command: [53ed5c0d73532bc440eb75162359e984, findElements {value=//*[(text() = '

08 July, 2025
' or . = '

08 July, 2025
')], using=xpath}]
Capabilities {acceptInsecureCerts: false, browserName: chrome, browserVersion: 137.0.7151.120, chrome: {chromedriverVersion: 137.0.7151.55 (254bc711794d..., userDataDir: C:\Users\santh\AppData\Loca...}, fedcm:accounts: true, goog:chromeOptions: {debuggerAddress: localhost:60708}, networkConnectionEnabled: false, pageLoadStrategy: normal, platformName: windows, proxy: Proxy(), se:cdp: ws://localhost:60708/devtoo..., se:cdpVersion: 137.0.7151.120, setWindowRect: true, strictFileInteractability: false, timeouts: {implicit: 0, pageLoad: 300000, script: 30000}, unhandledPromptBehavior: ignore, webSocketUrl: ws://localhost:22913/sessio..., webauthn:extension:credBlob: true, webauthn:extension:largeBlob: true, webauthn:extension:minPinLength: true, webauthn:extension:prf: true, webauthn:virtualAuthenticators: true}
Session ID: 53ed5c0d73532bc440eb75162359e984
2025-07-10 13:54:19.176 WARN  c.k.k.c.webui.common.WebUiCommonHelper   - [SELF-HEALING] unexpected alert open: {Alert text : Are you sure you want to close this window? Unsaved changes will be lost.}
  (Session info: chrome=137.0.7151.120): Are you sure you want to close this window? Unsaved changes will be lost.
Build info: version: '4.28.1', revision: '73f5ad48a2'
System info: os.name: 'Windows 11', os.arch: 'amd64', os.version: '10.0', java.version: '17.0.14'
Driver info: com.kms.katalon.selenium.driver.CChromeDriver
Command: [53ed5c0d73532bc440eb75162359e984, findElements {value=div.text-danger, using=css selector}]
Capabilities {acceptInsecureCerts: false, browserName: chrome, browserVersion: 137.0.7151.120, chrome: {chromedriverVersion: 137.0.7151.55 (254bc711794d..., userDataDir: C:\Users\santh\AppData\Loca...}, fedcm:accounts: true, goog:chromeOptions: {debuggerAddress: localhost:60708}, networkConnectionEnabled: false, pageLoadStrategy: normal, platformName: windows, proxy: Proxy(), se:cdp: ws://localhost:60708/devtoo..., se:cdpVersion: 137.0.7151.120, setWindowRect: true, strictFileInteractability: false, timeouts: {implicit: 0, pageLoad: 300000, script: 30000}, unhandledPromptBehavior: ignore, webSocketUrl: ws://localhost:22913/sessio..., webauthn:extension:credBlob: true, webauthn:extension:largeBlob: true, webauthn:extension:minPinLength: true, webauthn:extension:prf: true, webauthn:virtualAuthenticators: true}
Session ID: 53ed5c0d73532bc440eb75162359e984
2025-07-10 13:54:19.186 WARN  c.k.k.c.w.h.s.WebUIScreenCaptor          - Cannot take screenshot
2025-07-10 13:54:19.188 ERROR c.k.k.core.keyword.internal.KeywordMain  - ❌ Verify element text of test object 'Object Repository/Page_Indicators - CGR Foundation (6)/div_08 July, 2025' FAILED. (Root cause: com.kms.katalon.core.exception.StepFailedException: Verify element text of test object 'Object Repository/Page_Indicators - CGR Foundation (6)/div_08 July, 2025' FAILED.
	at com.kms.katalon.core.webui.keyword.internal.WebUIKeywordMain.stepFailed(WebUIKeywordMain.groovy:118)
	at com.kms.katalon.core.webui.keyword.internal.WebUIKeywordMain.runKeyword(WebUIKeywordMain.groovy:43)
	at com.kms.katalon.core.webui.keyword.builtin.VerifyElementTextKeyword.verifyElementText(VerifyElementTextKeyword.groovy:72)
	at com.kms.katalon.core.webui.keyword.builtin.VerifyElementTextKeyword.execute(VerifyElementTextKeyword.groovy:40)
	at com.kms.katalon.core.keyword.internal.KeywordExecutor.executeKeywordForPlatform(KeywordExecutor.groovy:64)
	at com.kms.katalon.core.webui.keyword.WebUiBuiltInKeywords.verifyElementText(WebUiBuiltInKeywords.groovy:4994)
	at Indicator Current Date-1, 1 response interval and 1 reporting days.run(Indicator Current Date-1, 1 response interval and 1 reporting days:49)
	at com.kms.katalon.core.main.ScriptEngine.run(ScriptEngine.java:194)
	at com.kms.katalon.core.main.ScriptEngine.runScriptAsRawText(ScriptEngine.java:119)
	at com.kms.katalon.core.main.TestCaseExecutor.runScript(TestCaseExecutor.java:485)
	at com.kms.katalon.core.main.TestCaseExecutor.doExecute(TestCaseExecutor.java:476)
	at com.kms.katalon.core.main.TestCaseExecutor.processExecutionPhase(TestCaseExecutor.java:455)
	at com.kms.katalon.core.main.TestCaseExecutor.accessMainPhase(TestCaseExecutor.java:447)
	at com.kms.katalon.core.main.TestCaseExecutor.execute(TestCaseExecutor.java:321)
	at com.kms.katalon.core.main.TestCaseExecutor.execute(TestCaseExecutor.java:405)
	at com.kms.katalon.core.common.CommonExecutor.accessTestCaseMainPhase(CommonExecutor.java:71)
	at com.kms.katalon.core.main.TestSuiteExecutor.accessTestSuiteMainPhase(TestSuiteExecutor.java:160)
	at com.kms.katalon.core.main.TestSuiteExecutor.execute(TestSuiteExecutor.java:107)
	at com.kms.katalon.core.main.TestCaseMain.startTestSuite(TestCaseMain.java:195)
	at TempTestSuite1752135807090.run(TempTestSuite1752135807090.groovy:35)
	at java.base/jdk.internal.reflect.NativeMethodAccessorImpl.invoke0(Native Method)
	at java.base/jdk.internal.reflect.NativeMethodAccessorImpl.invoke(NativeMethodAccessorImpl.java:77)
	at java.base/jdk.internal.reflect.DelegatingMethodAccessorImpl.invoke(DelegatingMethodAccessorImpl.java:43)
Caused by: org.openqa.selenium.UnhandledAlertException: unexpected alert open: {Alert text : Are you sure you want to close this window? Unsaved changes will be lost.}
  (Session info: chrome=137.0.7151.120): Are you sure you want to close this window? Unsaved changes will be lost.
Build info: version: '4.28.1', revision: '73f5ad48a2'
System info: os.name: 'Windows 11', os.arch: 'amd64', os.version: '10.0', java.version: '17.0.14'
Driver info: com.kms.katalon.selenium.driver.CChromeDriver
Command: [53ed5c0d73532bc440eb75162359e984, findElements {value=//div[@class='col-xs-3'][.//strong[contains(text(),'Next Report Date')]]/following-sibling::*/div, using=xpath}]
Capabilities {acceptInsecureCerts: false, browserName: chrome, browserVersion: 137.0.7151.120, chrome: {chromedriverVersion: 137.0.7151.55 (254bc711794d..., userDataDir: C:\Users\santh\AppData\Loca...}, fedcm:accounts: true, goog:chromeOptions: {debuggerAddress: localhost:60708}, networkConnectionEnabled: false, pageLoadStrategy: normal, platformName: windows, proxy: Proxy(), se:cdp: ws://localhost:60708/devtoo..., se:cdpVersion: 137.0.7151.120, setWindowRect: true, strictFileInteractability: false, timeouts: {implicit: 0, pageLoad: 300000, script: 30000}, unhandledPromptBehavior: ignore, webSocketUrl: ws://localhost:22913/sessio..., webauthn:extension:credBlob: true, webauthn:extension:largeBlob: true, webauthn:extension:minPinLength: true, webauthn:extension:prf: true, webauthn:virtualAuthenticators: true}
Session ID: 53ed5c0d73532bc440eb75162359e984
	at org.openqa.selenium.remote.codec.w3c.W3CHttpResponseCodec.decode(W3CHttpResponseCodec.java:136)
	at org.openqa.selenium.remote.codec.w3c.W3CHttpResponseCodec.decode(W3CHttpResponseCodec.java:50)
	at org.openqa.selenium.remote.HttpCommandExecutor.execute(HttpCommandExecutor.java:215)
	at org.openqa.selenium.remote.service.DriverCommandExecutor.invokeExecute(DriverCommandExecutor.java:216)
	at org.openqa.selenium.remote.service.DriverCommandExecutor.execute(DriverCommandExecutor.java:174)
	at org.openqa.selenium.remote.RemoteWebDriver.execute(RemoteWebDriver.java:545)
	at org.openqa.selenium.remote.ElementLocation$ElementFinder$2.findElements(ElementLocation.java:182)
	at org.openqa.selenium.remote.ElementLocation.findElements(ElementLocation.java:103)
	at org.openqa.selenium.remote.RemoteWebDriver.findElements(RemoteWebDriver.java:381)
	at org.openqa.selenium.remote.RemoteWebDriver.findElements(RemoteWebDriver.java:375)
	at jdk.internal.reflect.GeneratedMethodAccessor17.invoke(Unknown Source)
	at java.base/jdk.internal.reflect.DelegatingMethodAccessorImpl.invoke(DelegatingMethodAccessorImpl.java:43)
	at org.openqa.selenium.support.decorators.WebDriverDecorator.call(WebDriverDecorator.java:315)
	at org.openqa.selenium.support.decorators.DefaultDecorated.call(DefaultDecorated.java:48)
	at org.openqa.selenium.support.decorators.WebDriverDecorator.lambda$createProxyFactory$3(WebDriverDecorator.java:405)
	at org.openqa.selenium.remote.RemoteWebDriver$ByteBuddy$KcYDMDir.findElements(Unknown Source)
	at com.kms.katalon.core.webui.common.WebUiCommonHelper.findElementByNormalMethods(WebUiCommonHelper.java:1064)
	at com.kms.katalon.core.webui.common.WebUiCommonHelper.findElementsBySelectedMethod(WebUiCommonHelper.java:955)
	at com.kms.katalon.core.webui.common.WebUiCommonHelper.findElementsBySelectedMethod(WebUiCommonHelper.java:937)
	at com.kms.katalon.core.webui.common.WebUiCommonHelper.findElementsBySelectedMethod(WebUiCommonHelper.java:932)
	at com.kms.katalon.core.webui.common.WebUiCommonHelper.findElementsByDefault(WebUiCommonHelper.java:928)
	at com.kms.katalon.core.webui.common.WebUiCommonHelper.findElementsWithSelfHealing(WebUiCommonHelper.java:774)
	at com.kms.katalon.core.webui.common.WebUiCommonHelper.findWebElements(WebUiCommonHelper.java:758)
	at com.kms.katalon.core.webui.common.WebUiCommonHelper.findWebElement(WebUiCommonHelper.java:1448)
	at com.kms.katalon.core.webui.keyword.internal.WebUIAbstractKeyword.findWebElement(WebUIAbstractKeyword.groovy:27)
	at com.kms.katalon.core.webui.keyword.builtin.VerifyElementTextKeyword$_verifyElementText_closure1.doCall(VerifyElementTextKeyword.groovy:52)
	at com.kms.katalon.core.webui.keyword.builtin.VerifyElementTextKeyword$_verifyElementText_closure1.call(VerifyElementTextKeyword.groovy)
	at com.kms.katalon.core.webui.keyword.internal.WebUIKeywordMain.runKeyword(WebUIKeywordMain.groovy:35)
	at com.kms.katalon.core.webui.keyword.builtin.VerifyElementTextKeyword.verifyElementText(VerifyElementTextKeyword.groovy:72)
	at com.kms.katalon.core.webui.keyword.builtin.VerifyElementTextKeyword.execute(VerifyElementTextKeyword.groovy:40)
	at com.kms.katalon.core.keyword.internal.KeywordExecutor.executeKeywordForPlatform(KeywordExecutor.groovy:64)
	at com.kms.katalon.core.webui.keyword.WebUiBuiltInKeywords.verifyElementText(WebUiBuiltInKeywords.groovy:4994)
	at Script1752064572909.run(Script1752064572909.groovy:49)
	... 16 more
)
2025-07-10 13:54:19.193 ERROR c.k.katalon.core.main.TestCaseExecutor   - ❌ Test Cases/Indicator Current Date-1, 1 response interval and 1 reporting days FAILED.
Reason:
com.kms.katalon.core.exception.StepFailedException: Verify element text of test object 'Object Repository/Page_Indicators - CGR Foundation (6)/div_08 July, 2025' FAILED.
	at com.kms.katalon.core.webui.keyword.internal.WebUIKeywordMain.stepFailed(WebUIKeywordMain.groovy:118)
	at com.kms.katalon.core.webui.keyword.internal.WebUIKeywordMain.runKeyword(WebUIKeywordMain.groovy:43)
	at com.kms.katalon.core.webui.keyword.builtin.VerifyElementTextKeyword.verifyElementText(VerifyElementTextKeyword.groovy:72)
	at com.kms.katalon.core.webui.keyword.builtin.VerifyElementTextKeyword.execute(VerifyElementTextKeyword.groovy:40)
	at com.kms.katalon.core.keyword.internal.KeywordExecutor.executeKeywordForPlatform(KeywordExecutor.groovy:64)
	at com.kms.katalon.core.webui.keyword.WebUiBuiltInKeywords.verifyElementText(WebUiBuiltInKeywords.groovy:4994)
	at Indicator Current Date-1, 1 response interval and 1 reporting days.run(Indicator Current Date-1, 1 response interval and 1 reporting days:49)
	at com.kms.katalon.core.main.ScriptEngine.run(ScriptEngine.java:194)
	at com.kms.katalon.core.main.ScriptEngine.runScriptAsRawText(ScriptEngine.java:119)
	at com.kms.katalon.core.main.TestCaseExecutor.runScript(TestCaseExecutor.java:485)
	at com.kms.katalon.core.main.TestCaseExecutor.doExecute(TestCaseExecutor.java:476)
	at com.kms.katalon.core.main.TestCaseExecutor.processExecutionPhase(TestCaseExecutor.java:455)
	at com.kms.katalon.core.main.TestCaseExecutor.accessMainPhase(TestCaseExecutor.java:447)
	at com.kms.katalon.core.main.TestCaseExecutor.execute(TestCaseExecutor.java:321)
	at com.kms.katalon.core.main.TestCaseExecutor.execute(TestCaseExecutor.java:405)
	at com.kms.katalon.core.common.CommonExecutor.accessTestCaseMainPhase(CommonExecutor.java:71)
	at com.kms.katalon.core.main.TestSuiteExecutor.accessTestSuiteMainPhase(TestSuiteExecutor.java:160)
	at com.kms.katalon.core.main.TestSuiteExecutor.execute(TestSuiteExecutor.java:107)
	at com.kms.katalon.core.main.TestCaseMain.startTestSuite(TestCaseMain.java:195)
	at TempTestSuite1752135807090.run(TempTestSuite1752135807090.groovy:35)
	at java.base/jdk.internal.reflect.NativeMethodAccessorImpl.invoke0(Native Method)
	at java.base/jdk.internal.reflect.NativeMethodAccessorImpl.invoke(NativeMethodAccessorImpl.java:77)
	at java.base/jdk.internal.reflect.DelegatingMethodAccessorImpl.invoke(DelegatingMethodAccessorImpl.java:43)
Caused by: org.openqa.selenium.UnhandledAlertException: unexpected alert open: {Alert text : Are you sure you want to close this window? Unsaved changes will be lost.}
  (Session info: chrome=137.0.7151.120): Are you sure you want to close this window? Unsaved changes will be lost.
Build info: version: '4.28.1', revision: '73f5ad48a2'
System info: os.name: 'Windows 11', os.arch: 'amd64', os.version: '10.0', java.version: '17.0.14'
Driver info: com.kms.katalon.selenium.driver.CChromeDriver
Command: [53ed5c0d73532bc440eb75162359e984, findElements {value=//div[@class='col-xs-3'][.//strong[contains(text(),'Next Report Date')]]/following-sibling::*/div, using=xpath}]
Capabilities {acceptInsecureCerts: false, browserName: chrome, browserVersion: 137.0.7151.120, chrome: {chromedriverVersion: 137.0.7151.55 (254bc711794d..., userDataDir: C:\Users\santh\AppData\Loca...}, fedcm:accounts: true, goog:chromeOptions: {debuggerAddress: localhost:60708}, networkConnectionEnabled: false, pageLoadStrategy: normal, platformName: windows, proxy: Proxy(), se:cdp: ws://localhost:60708/devtoo..., se:cdpVersion: 137.0.7151.120, setWindowRect: true, strictFileInteractability: false, timeouts: {implicit: 0, pageLoad: 300000, script: 30000}, unhandledPromptBehavior: ignore, webSocketUrl: ws://localhost:22913/sessio..., webauthn:extension:credBlob: true, webauthn:extension:largeBlob: true, webauthn:extension:minPinLength: true, webauthn:extension:prf: true, webauthn:virtualAuthenticators: true}
Session ID: 53ed5c0d73532bc440eb75162359e984
	at org.openqa.selenium.remote.codec.w3c.W3CHttpResponseCodec.decode(W3CHttpResponseCodec.java:136)
	at org.openqa.selenium.remote.codec.w3c.W3CHttpResponseCodec.decode(W3CHttpResponseCodec.java:50)
	at org.openqa.selenium.remote.HttpCommandExecutor.execute(HttpCommandExecutor.java:215)
	at org.openqa.selenium.remote.service.DriverCommandExecutor.invokeExecute(DriverCommandExecutor.java:216)
	at org.openqa.selenium.remote.service.DriverCommandExecutor.execute(DriverCommandExecutor.java:174)
	at org.openqa.selenium.remote.RemoteWebDriver.execute(RemoteWebDriver.java:545)
	at org.openqa.selenium.remote.ElementLocation$ElementFinder$2.findElements(ElementLocation.java:182)
	at org.openqa.selenium.remote.ElementLocation.findElements(ElementLocation.java:103)
	at org.openqa.selenium.remote.RemoteWebDriver.findElements(RemoteWebDriver.java:381)
	at org.openqa.selenium.remote.RemoteWebDriver.findElements(RemoteWebDriver.java:375)
	at jdk.internal.reflect.GeneratedMethodAccessor17.invoke(Unknown Source)
	at java.base/jdk.internal.reflect.DelegatingMethodAccessorImpl.invoke(DelegatingMethodAccessorImpl.java:43)
	at org.openqa.selenium.support.decorators.WebDriverDecorator.call(WebDriverDecorator.java:315)
	at org.openqa.selenium.support.decorators.DefaultDecorated.call(DefaultDecorated.java:48)
	at org.openqa.selenium.support.decorators.WebDriverDecorator.lambda$createProxyFactory$3(WebDriverDecorator.java:405)
	at org.openqa.selenium.remote.RemoteWebDriver$ByteBuddy$KcYDMDir.findElements(Unknown Source)
	at com.kms.katalon.core.webui.common.WebUiCommonHelper.findElementByNormalMethods(WebUiCommonHelper.java:1064)
	at com.kms.katalon.core.webui.common.WebUiCommonHelper.findElementsBySelectedMethod(WebUiCommonHelper.java:955)
	at com.kms.katalon.core.webui.common.WebUiCommonHelper.findElementsBySelectedMethod(WebUiCommonHelper.java:937)
	at com.kms.katalon.core.webui.common.WebUiCommonHelper.findElementsBySelectedMethod(WebUiCommonHelper.java:932)
	at com.kms.katalon.core.webui.common.WebUiCommonHelper.findElementsByDefault(WebUiCommonHelper.java:928)
	at com.kms.katalon.core.webui.common.WebUiCommonHelper.findElementsWithSelfHealing(WebUiCommonHelper.java:774)
	at com.kms.katalon.core.webui.common.WebUiCommonHelper.findWebElements(WebUiCommonHelper.java:758)
	at com.kms.katalon.core.webui.common.WebUiCommonHelper.findWebElement(WebUiCommonHelper.java:1448)
	at com.kms.katalon.core.webui.keyword.internal.WebUIAbstractKeyword.findWebElement(WebUIAbstractKeyword.groovy:27)
	at com.kms.katalon.core.webui.keyword.builtin.VerifyElementTextKeyword$_verifyElementText_closure1.doCall(VerifyElementTextKeyword.groovy:52)
	at com.kms.katalon.core.webui.keyword.builtin.VerifyElementTextKeyword$_verifyElementText_closure1.call(VerifyElementTextKeyword.groovy)
	at com.kms.katalon.core.webui.keyword.internal.WebUIKeywordMain.runKeyword(WebUIKeywordMain.groovy:35)
	... 21 more

2025-07-10 13:54:19.196 INFO  c.k.katalon.core.main.TestCaseExecutor   - END Test Cases/Indicator Current Date-1, 1 response interval and 1 reporting days
2025-07-10 13:54:19.201 INFO  c.k.katalon.core.main.TestCaseExecutor   - --------------------
2025-07-10 13:54:19.201 INFO  c.k.katalon.core.main.TestCaseExecutor   - START Test Cases/Indicator Current Date-1, 1 response interval and 1 reporting days
2025-07-10 13:54:19.220 DEBUG 1 response interval and 1 reporting days - 1: openBrowser("")
2025-07-10 13:54:19.222 WARN  c.k.k.core.webui.driver.DriverFactory    - A browser is already opened. Closing browser and opening a new one
2025-07-10 13:54:19.628 INFO  c.k.k.core.webui.driver.DriverFactory    - Starting 'Chrome' driver
2025-07-10 13:54:19.630 INFO  c.k.k.core.webui.driver.DriverFactory    - Action delay is set to 0 milliseconds
Jul 10, 2025 1:54:21 PM org.openqa.selenium.devtools.CdpVersionFinder findNearestMatch
WARNING: Unable to find an exact match for CDP version 137, returning the closest version; found: 135; Please update to a Selenium version that supports CDP version 137
2025-07-10 13:54:21.102 INFO  c.k.k.core.webui.driver.DriverFactory    - sessionId = eae85d36a7584e9f13d8d2fd59208021
2025-07-10 13:54:21.106 INFO  c.k.k.core.webui.driver.DriverFactory    - browser = Chrome 137.0.7151.120
2025-07-10 13:54:21.106 INFO  c.k.k.core.webui.driver.DriverFactory    - platform = Windows 11
2025-07-10 13:54:21.106 INFO  c.k.k.core.webui.driver.DriverFactory    - seleniumVersion = 4.28.1
2025-07-10 13:54:21.106 INFO  c.k.k.core.webui.driver.DriverFactory    - proxyInformation = ProxyInformation { proxyOption=NO_PROXY, proxyServerType=HTTP, username=, password=********, proxyServerAddress=, proxyServerPort=0, executionList="", isApplyToDesiredCapabilities=true }
2025-07-10 13:54:21.122 DEBUG 1 response interval and 1 reporting days - 2: navigateToUrl("https://bug-nation.cgrfoundation-staging.com/accounts/login")
2025-07-10 13:54:21.671 DEBUG 1 response interval and 1 reporting days - 3: maximizeWindow()
2025-07-10 13:54:21.753 DEBUG 1 response interval and 1 reporting days - 4: setText(findTestObject("Object Repository/Page_CGR Foundation/input_Email address_accountemail"), "santhosh.nidamanuri@corpgovrisk.com")
2025-07-10 13:54:22.553 DEBUG 1 response interval and 1 reporting days - 5: setEncryptedText(findTestObject("Object Repository/Page_CGR Foundation/input_Password_accountpassword"), "g9InqrzvBVyAQwkGaiz+Ig==")
2025-07-10 13:54:22.945 DEBUG 1 response interval and 1 reporting days - 6: click(findTestObject("Object Repository/Page_CGR Foundation/input_Remember me_commit"))
2025-07-10 13:54:24.739 DEBUG 1 response interval and 1 reporting days - 7: navigateToUrl("https://bug-nation.cgrfoundation-staging.com/indicators/110")
2025-07-10 13:54:25.660 DEBUG 1 response interval and 1 reporting days - 8: click(findTestObject("Object Repository/Page_Indicators - CGR Foundation (6)/button_Edit"))
2025-07-10 13:54:28.125 DEBUG 1 response interval and 1 reporting days - 9: click(findTestObject("Object Repository/Page_Indicators - CGR Foundation (6)/input_Next Report Date_due_date"))
2025-07-10 13:54:30.057 DEBUG 1 response interval and 1 reporting days - 10: setText(findTestObject("Object Repository/Page_Indicators - CGR Foundation (6)/input_Next Report Date_due_date"), minusDays(1).format(DateTimeFormatter.ofPattern("dd/MM/yyyy")))
2025-07-10 13:54:31.213 DEBUG 1 response interval and 1 reporting days - 11: click(findTestObject("Object Repository/Page_Indicators - CGR Foundation (6)/button_Save"))
2025-07-10 13:54:31.805 DEBUG 1 response interval and 1 reporting days - 12: verifyElementText(findTestObject("Object Repository/Page_Indicators - CGR Foundation (6)/div_08 July, 2025"), minusDays(1).format(DateTimeFormatter.ofPattern("dd MMMM, yyyy")))
2025-07-10 13:54:31.839 WARN  c.k.k.c.webui.common.WebUiCommonHelper   - [SELF-HEALING] Failed to find element with id 'Object Repository/Page_Indicators - CGR Foundation (6)/div_08 July, 2025'. Try using Self-healing.
2025-07-10 13:54:31.852 WARN  c.k.k.c.webui.common.WebUiCommonHelper   - [SELF-HEALING] unexpected alert open: {Alert text : Are you sure you want to close this window? Unsaved changes will be lost.}
  (Session info: chrome=137.0.7151.120): Are you sure you want to close this window? Unsaved changes will be lost.
Build info: version: '4.28.1', revision: '73f5ad48a2'
System info: os.name: 'Windows 11', os.arch: 'amd64', os.version: '10.0', java.version: '17.0.14'
Driver info: com.kms.katalon.selenium.driver.CChromeDriver
Command: [eae85d36a7584e9f13d8d2fd59208021, findElements {value=//div[@id='js-MainContent']/div/div[3]/div/div[2]/div/div/div/div[2]/div, using=xpath}]
Capabilities {acceptInsecureCerts: false, browserName: chrome, browserVersion: 137.0.7151.120, chrome: {chromedriverVersion: 137.0.7151.55 (254bc711794d..., userDataDir: C:\Users\santh\AppData\Loca...}, fedcm:accounts: true, goog:chromeOptions: {debuggerAddress: localhost:60735}, networkConnectionEnabled: false, pageLoadStrategy: normal, platformName: windows, proxy: Proxy(), se:cdp: ws://localhost:60735/devtoo..., se:cdpVersion: 137.0.7151.120, setWindowRect: true, strictFileInteractability: false, timeouts: {implicit: 0, pageLoad: 300000, script: 30000}, unhandledPromptBehavior: ignore, webSocketUrl: ws://localhost:39680/sessio..., webauthn:extension:credBlob: true, webauthn:extension:largeBlob: true, webauthn:extension:minPinLength: true, webauthn:extension:prf: true, webauthn:virtualAuthenticators: true}
Session ID: eae85d36a7584e9f13d8d2fd59208021
2025-07-10 13:54:32.869 WARN  c.k.k.c.webui.common.WebUiCommonHelper   - [SELF-HEALING] unexpected alert open: {Alert text : Are you sure you want to close this window? Unsaved changes will be lost.}
  (Session info: chrome=137.0.7151.120): Are you sure you want to close this window? Unsaved changes will be lost.
Build info: version: '4.28.1', revision: '73f5ad48a2'
System info: os.name: 'Windows 11', os.arch: 'amd64', os.version: '10.0', java.version: '17.0.14'
Driver info: com.kms.katalon.selenium.driver.CChromeDriver
Command: [eae85d36a7584e9f13d8d2fd59208021, findElements {value=//*[(text() = '

08 July, 2025
' or . = '

08 July, 2025
')], using=xpath}]
Capabilities {acceptInsecureCerts: false, browserName: chrome, browserVersion: 137.0.7151.120, chrome: {chromedriverVersion: 137.0.7151.55 (254bc711794d..., userDataDir: C:\Users\santh\AppData\Loca...}, fedcm:accounts: true, goog:chromeOptions: {debuggerAddress: localhost:60735}, networkConnectionEnabled: false, pageLoadStrategy: normal, platformName: windows, proxy: Proxy(), se:cdp: ws://localhost:60735/devtoo..., se:cdpVersion: 137.0.7151.120, setWindowRect: true, strictFileInteractability: false, timeouts: {implicit: 0, pageLoad: 300000, script: 30000}, unhandledPromptBehavior: ignore, webSocketUrl: ws://localhost:39680/sessio..., webauthn:extension:credBlob: true, webauthn:extension:largeBlob: true, webauthn:extension:minPinLength: true, webauthn:extension:prf: true, webauthn:virtualAuthenticators: true}
Session ID: eae85d36a7584e9f13d8d2fd59208021
2025-07-10 13:54:32.881 WARN  c.k.k.c.webui.common.WebUiCommonHelper   - [SELF-HEALING] unexpected alert open: {Alert text : Are you sure you want to close this window? Unsaved changes will be lost.}
  (Session info: chrome=137.0.7151.120): Are you sure you want to close this window? Unsaved changes will be lost.
Build info: version: '4.28.1', revision: '73f5ad48a2'
System info: os.name: 'Windows 11', os.arch: 'amd64', os.version: '10.0', java.version: '17.0.14'
Driver info: com.kms.katalon.selenium.driver.CChromeDriver
Command: [eae85d36a7584e9f13d8d2fd59208021, findElements {value=div.text-danger, using=css selector}]
Capabilities {acceptInsecureCerts: false, browserName: chrome, browserVersion: 137.0.7151.120, chrome: {chromedriverVersion: 137.0.7151.55 (254bc711794d..., userDataDir: C:\Users\santh\AppData\Loca...}, fedcm:accounts: true, goog:chromeOptions: {debuggerAddress: localhost:60735}, networkConnectionEnabled: false, pageLoadStrategy: normal, platformName: windows, proxy: Proxy(), se:cdp: ws://localhost:60735/devtoo..., se:cdpVersion: 137.0.7151.120, setWindowRect: true, strictFileInteractability: false, timeouts: {implicit: 0, pageLoad: 300000, script: 30000}, unhandledPromptBehavior: ignore, webSocketUrl: ws://localhost:39680/sessio..., webauthn:extension:credBlob: true, webauthn:extension:largeBlob: true, webauthn:extension:minPinLength: true, webauthn:extension:prf: true, webauthn:virtualAuthenticators: true}
Session ID: eae85d36a7584e9f13d8d2fd59208021
2025-07-10 13:54:32.889 WARN  c.k.k.c.w.h.s.WebUIScreenCaptor          - Cannot take screenshot
2025-07-10 13:54:32.893 ERROR c.k.k.core.keyword.internal.KeywordMain  - ❌ Verify element text of test object 'Object Repository/Page_Indicators - CGR Foundation (6)/div_08 July, 2025' FAILED. (Root cause: com.kms.katalon.core.exception.StepFailedException: Verify element text of test object 'Object Repository/Page_Indicators - CGR Foundation (6)/div_08 July, 2025' FAILED.
	at com.kms.katalon.core.webui.keyword.internal.WebUIKeywordMain.stepFailed(WebUIKeywordMain.groovy:118)
	at com.kms.katalon.core.webui.keyword.internal.WebUIKeywordMain.runKeyword(WebUIKeywordMain.groovy:43)
	at com.kms.katalon.core.webui.keyword.builtin.VerifyElementTextKeyword.verifyElementText(VerifyElementTextKeyword.groovy:72)
	at com.kms.katalon.core.webui.keyword.builtin.VerifyElementTextKeyword.execute(VerifyElementTextKeyword.groovy:40)
	at com.kms.katalon.core.keyword.internal.KeywordExecutor.executeKeywordForPlatform(KeywordExecutor.groovy:64)
	at com.kms.katalon.core.webui.keyword.WebUiBuiltInKeywords.verifyElementText(WebUiBuiltInKeywords.groovy:4994)
	at Indicator Current Date-1, 1 response interval and 1 reporting days.run(Indicator Current Date-1, 1 response interval and 1 reporting days:49)
	at com.kms.katalon.core.main.ScriptEngine.run(ScriptEngine.java:194)
	at com.kms.katalon.core.main.ScriptEngine.runScriptAsRawText(ScriptEngine.java:119)
	at com.kms.katalon.core.main.TestCaseExecutor.runScript(TestCaseExecutor.java:485)
	at com.kms.katalon.core.main.TestCaseExecutor.doExecute(TestCaseExecutor.java:476)
	at com.kms.katalon.core.main.TestCaseExecutor.processExecutionPhase(TestCaseExecutor.java:455)
	at com.kms.katalon.core.main.TestCaseExecutor.accessMainPhase(TestCaseExecutor.java:447)
	at com.kms.katalon.core.main.TestCaseExecutor.execute(TestCaseExecutor.java:321)
	at com.kms.katalon.core.main.TestCaseExecutor.execute(TestCaseExecutor.java:405)
	at com.kms.katalon.core.main.TestCaseExecutor.execute(TestCaseExecutor.java:405)
	at com.kms.katalon.core.common.CommonExecutor.accessTestCaseMainPhase(CommonExecutor.java:71)
	at com.kms.katalon.core.main.TestSuiteExecutor.accessTestSuiteMainPhase(TestSuiteExecutor.java:160)
	at com.kms.katalon.core.main.TestSuiteExecutor.execute(TestSuiteExecutor.java:107)
	at com.kms.katalon.core.main.TestCaseMain.startTestSuite(TestCaseMain.java:195)
	at TempTestSuite1752135807090.run(TempTestSuite1752135807090.groovy:35)
	at java.base/jdk.internal.reflect.NativeMethodAccessorImpl.invoke0(Native Method)
	at java.base/jdk.internal.reflect.NativeMethodAccessorImpl.invoke(NativeMethodAccessorImpl.java:77)
	at java.base/jdk.internal.reflect.DelegatingMethodAccessorImpl.invoke(DelegatingMethodAccessorImpl.java:43)
Caused by: org.openqa.selenium.UnhandledAlertException: unexpected alert open: {Alert text : Are you sure you want to close this window? Unsaved changes will be lost.}
  (Session info: chrome=137.0.7151.120): Are you sure you want to close this window? Unsaved changes will be lost.
Build info: version: '4.28.1', revision: '73f5ad48a2'
System info: os.name: 'Windows 11', os.arch: 'amd64', os.version: '10.0', java.version: '17.0.14'
Driver info: com.kms.katalon.selenium.driver.CChromeDriver
Command: [eae85d36a7584e9f13d8d2fd59208021, findElements {value=//div[@class='col-xs-3'][.//strong[contains(text(),'Next Report Date')]]/following-sibling::*/div, using=xpath}]
Capabilities {acceptInsecureCerts: false, browserName: chrome, browserVersion: 137.0.7151.120, chrome: {chromedriverVersion: 137.0.7151.55 (254bc711794d..., userDataDir: C:\Users\santh\AppData\Loca...}, fedcm:accounts: true, goog:chromeOptions: {debuggerAddress: localhost:60735}, networkConnectionEnabled: false, pageLoadStrategy: normal, platformName: windows, proxy: Proxy(), se:cdp: ws://localhost:60735/devtoo..., se:cdpVersion: 137.0.7151.120, setWindowRect: true, strictFileInteractability: false, timeouts: {implicit: 0, pageLoad: 300000, script: 30000}, unhandledPromptBehavior: ignore, webSocketUrl: ws://localhost:39680/sessio..., webauthn:extension:credBlob: true, webauthn:extension:largeBlob: true, webauthn:extension:minPinLength: true, webauthn:extension:prf: true, webauthn:virtualAuthenticators: true}
Session ID: eae85d36a7584e9f13d8d2fd59208021
	at org.openqa.selenium.remote.codec.w3c.W3CHttpResponseCodec.decode(W3CHttpResponseCodec.java:136)
	at org.openqa.selenium.remote.codec.w3c.W3CHttpResponseCodec.decode(W3CHttpResponseCodec.java:50)
	at org.openqa.selenium.remote.HttpCommandExecutor.execute(HttpCommandExecutor.java:215)
	at org.openqa.selenium.remote.service.DriverCommandExecutor.invokeExecute(DriverCommandExecutor.java:216)
	at org.openqa.selenium.remote.service.DriverCommandExecutor.execute(DriverCommandExecutor.java:174)
	at org.openqa.selenium.remote.RemoteWebDriver.execute(RemoteWebDriver.java:545)
	at org.openqa.selenium.remote.ElementLocation$ElementFinder$2.findElements(ElementLocation.java:182)
	at org.openqa.selenium.remote.ElementLocation.findElements(ElementLocation.java:103)
	at org.openqa.selenium.remote.RemoteWebDriver.findElements(RemoteWebDriver.java:381)
	at org.openqa.selenium.remote.RemoteWebDriver.findElements(RemoteWebDriver.java:375)
	at jdk.internal.reflect.GeneratedMethodAccessor17.invoke(Unknown Source)
	at java.base/jdk.internal.reflect.DelegatingMethodAccessorImpl.invoke(DelegatingMethodAccessorImpl.java:43)
	at org.openqa.selenium.support.decorators.WebDriverDecorator.call(WebDriverDecorator.java:315)
	at org.openqa.selenium.support.decorators.DefaultDecorated.call(DefaultDecorated.java:48)
	at org.openqa.selenium.support.decorators.WebDriverDecorator.lambda$createProxyFactory$3(WebDriverDecorator.java:405)
	at org.openqa.selenium.remote.RemoteWebDriver$ByteBuddy$CX6c3RHg.findElements(Unknown Source)
	at com.kms.katalon.core.webui.common.WebUiCommonHelper.findElementByNormalMethods(WebUiCommonHelper.java:1064)
	at com.kms.katalon.core.webui.common.WebUiCommonHelper.findElementsBySelectedMethod(WebUiCommonHelper.java:955)
	at com.kms.katalon.core.webui.common.WebUiCommonHelper.findElementsBySelectedMethod(WebUiCommonHelper.java:937)
	at com.kms.katalon.core.webui.common.WebUiCommonHelper.findElementsBySelectedMethod(WebUiCommonHelper.java:932)
	at com.kms.katalon.core.webui.common.WebUiCommonHelper.findElementsByDefault(WebUiCommonHelper.java:928)
	at com.kms.katalon.core.webui.common.WebUiCommonHelper.findElementsWithSelfHealing(WebUiCommonHelper.java:774)
	at com.kms.katalon.core.webui.common.WebUiCommonHelper.findWebElements(WebUiCommonHelper.java:758)
	at com.kms.katalon.core.webui.common.WebUiCommonHelper.findWebElement(WebUiCommonHelper.java:1448)
	at com.kms.katalon.core.webui.keyword.internal.WebUIAbstractKeyword.findWebElement(WebUIAbstractKeyword.groovy:27)
	at com.kms.katalon.core.webui.keyword.builtin.VerifyElementTextKeyword$_verifyElementText_closure1.doCall(VerifyElementTextKeyword.groovy:52)
	at com.kms.katalon.core.webui.keyword.builtin.VerifyElementTextKeyword$_verifyElementText_closure1.call(VerifyElementTextKeyword.groovy)
	at com.kms.katalon.core.webui.keyword.internal.WebUIKeywordMain.runKeyword(WebUIKeywordMain.groovy:35)
	at com.kms.katalon.core.webui.keyword.builtin.VerifyElementTextKeyword.verifyElementText(VerifyElementTextKeyword.groovy:72)
	at com.kms.katalon.core.webui.keyword.builtin.VerifyElementTextKeyword.execute(VerifyElementTextKeyword.groovy:40)
	at com.kms.katalon.core.keyword.internal.KeywordExecutor.executeKeywordForPlatform(KeywordExecutor.groovy:64)
	at com.kms.katalon.core.webui.keyword.WebUiBuiltInKeywords.verifyElementText(WebUiBuiltInKeywords.groovy:4994)
	at Script1752064572909.run(Script1752064572909.groovy:49)
	... 17 more
)
2025-07-10 13:54:32.900 ERROR c.k.katalon.core.main.TestCaseExecutor   - ❌ Test Cases/Indicator Current Date-1, 1 response interval and 1 reporting days FAILED.
Reason:
com.kms.katalon.core.exception.StepFailedException: Verify element text of test object 'Object Repository/Page_Indicators - CGR Foundation (6)/div_08 July, 2025' FAILED.
	at com.kms.katalon.core.webui.keyword.internal.WebUIKeywordMain.stepFailed(WebUIKeywordMain.groovy:118)
	at com.kms.katalon.core.webui.keyword.internal.WebUIKeywordMain.runKeyword(WebUIKeywordMain.groovy:43)
	at com.kms.katalon.core.webui.keyword.builtin.VerifyElementTextKeyword.verifyElementText(VerifyElementTextKeyword.groovy:72)
	at com.kms.katalon.core.webui.keyword.builtin.VerifyElementTextKeyword.execute(VerifyElementTextKeyword.groovy:40)
	at com.kms.katalon.core.keyword.internal.KeywordExecutor.executeKeywordForPlatform(KeywordExecutor.groovy:64)
	at com.kms.katalon.core.webui.keyword.WebUiBuiltInKeywords.verifyElementText(WebUiBuiltInKeywords.groovy:4994)
	at Indicator Current Date-1, 1 response interval and 1 reporting days.run(Indicator Current Date-1, 1 response interval and 1 reporting days:49)
	at com.kms.katalon.core.main.ScriptEngine.run(ScriptEngine.java:194)
	at com.kms.katalon.core.main.ScriptEngine.runScriptAsRawText(ScriptEngine.java:119)
	at com.kms.katalon.core.main.TestCaseExecutor.runScript(TestCaseExecutor.java:485)
	at com.kms.katalon.core.main.TestCaseExecutor.doExecute(TestCaseExecutor.java:476)
	at com.kms.katalon.core.main.TestCaseExecutor.processExecutionPhase(TestCaseExecutor.java:455)
	at com.kms.katalon.core.main.TestCaseExecutor.accessMainPhase(TestCaseExecutor.java:447)
	at com.kms.katalon.core.main.TestCaseExecutor.execute(TestCaseExecutor.java:321)
	at com.kms.katalon.core.main.TestCaseExecutor.execute(TestCaseExecutor.java:405)
	at com.kms.katalon.core.main.TestCaseExecutor.execute(TestCaseExecutor.java:405)
	at com.kms.katalon.core.common.CommonExecutor.accessTestCaseMainPhase(CommonExecutor.java:71)
	at com.kms.katalon.core.main.TestSuiteExecutor.accessTestSuiteMainPhase(TestSuiteExecutor.java:160)
	at com.kms.katalon.core.main.TestSuiteExecutor.execute(TestSuiteExecutor.java:107)
	at com.kms.katalon.core.main.TestCaseMain.startTestSuite(TestCaseMain.java:195)
	at TempTestSuite1752135807090.run(TempTestSuite1752135807090.groovy:35)
	at java.base/jdk.internal.reflect.NativeMethodAccessorImpl.invoke0(Native Method)
	at java.base/jdk.internal.reflect.NativeMethodAccessorImpl.invoke(NativeMethodAccessorImpl.java:77)
	at java.base/jdk.internal.reflect.DelegatingMethodAccessorImpl.invoke(DelegatingMethodAccessorImpl.java:43)
Caused by: org.openqa.selenium.UnhandledAlertException: unexpected alert open: {Alert text : Are you sure you want to close this window? Unsaved changes will be lost.}
  (Session info: chrome=137.0.7151.120): Are you sure you want to close this window? Unsaved changes will be lost.
Build info: version: '4.28.1', revision: '73f5ad48a2'
System info: os.name: 'Windows 11', os.arch: 'amd64', os.version: '10.0', java.version: '17.0.14'
Driver info: com.kms.katalon.selenium.driver.CChromeDriver
Command: [eae85d36a7584e9f13d8d2fd59208021, findElements {value=//div[@class='col-xs-3'][.//strong[contains(text(),'Next Report Date')]]/following-sibling::*/div, using=xpath}]
Capabilities {acceptInsecureCerts: false, browserName: chrome, browserVersion: 137.0.7151.120, chrome: {chromedriverVersion: 137.0.7151.55 (254bc711794d..., userDataDir: C:\Users\santh\AppData\Loca...}, fedcm:accounts: true, goog:chromeOptions: {debuggerAddress: localhost:60735}, networkConnectionEnabled: false, pageLoadStrategy: normal, platformName: windows, proxy: Proxy(), se:cdp: ws://localhost:60735/devtoo..., se:cdpVersion: 137.0.7151.120, setWindowRect: true, strictFileInteractability: false, timeouts: {implicit: 0, pageLoad: 300000, script: 30000}, unhandledPromptBehavior: ignore, webSocketUrl: ws://localhost:39680/sessio..., webauthn:extension:credBlob: true, webauthn:extension:largeBlob: true, webauthn:extension:minPinLength: true, webauthn:extension:prf: true, webauthn:virtualAuthenticators: true}
Session ID: eae85d36a7584e9f13d8d2fd59208021
	at org.openqa.selenium.remote.codec.w3c.W3CHttpResponseCodec.decode(W3CHttpResponseCodec.java:136)
	at org.openqa.selenium.remote.codec.w3c.W3CHttpResponseCodec.decode(W3CHttpResponseCodec.java:50)
	at org.openqa.selenium.remote.HttpCommandExecutor.execute(HttpCommandExecutor.java:215)
	at org.openqa.selenium.remote.service.DriverCommandExecutor.invokeExecute(DriverCommandExecutor.java:216)
	at org.openqa.selenium.remote.service.DriverCommandExecutor.execute(DriverCommandExecutor.java:174)
	at org.openqa.selenium.remote.RemoteWebDriver.execute(RemoteWebDriver.java:545)
	at org.openqa.selenium.remote.ElementLocation$ElementFinder$2.findElements(ElementLocation.java:182)
	at org.openqa.selenium.remote.ElementLocation.findElements(ElementLocation.java:103)
	at org.openqa.selenium.remote.RemoteWebDriver.findElements(RemoteWebDriver.java:381)
	at org.openqa.selenium.remote.RemoteWebDriver.findElements(RemoteWebDriver.java:375)
	at jdk.internal.reflect.GeneratedMethodAccessor17.invoke(Unknown Source)
	at java.base/jdk.internal.reflect.DelegatingMethodAccessorImpl.invoke(DelegatingMethodAccessorImpl.java:43)
	at org.openqa.selenium.support.decorators.WebDriverDecorator.call(WebDriverDecorator.java:315)
	at org.openqa.selenium.support.decorators.DefaultDecorated.call(DefaultDecorated.java:48)
	at org.openqa.selenium.support.decorators.WebDriverDecorator.lambda$createProxyFactory$3(WebDriverDecorator.java:405)
	at org.openqa.selenium.remote.RemoteWebDriver$ByteBuddy$CX6c3RHg.findElements(Unknown Source)
	at com.kms.katalon.core.webui.common.WebUiCommonHelper.findElementByNormalMethods(WebUiCommonHelper.java:1064)
	at com.kms.katalon.core.webui.common.WebUiCommonHelper.findElementsBySelectedMethod(WebUiCommonHelper.java:955)
	at com.kms.katalon.core.webui.common.WebUiCommonHelper.findElementsBySelectedMethod(WebUiCommonHelper.java:937)
	at com.kms.katalon.core.webui.common.WebUiCommonHelper.findElementsBySelectedMethod(WebUiCommonHelper.java:932)
	at com.kms.katalon.core.webui.common.WebUiCommonHelper.findElementsByDefault(WebUiCommonHelper.java:928)
	at com.kms.katalon.core.webui.common.WebUiCommonHelper.findElementsWithSelfHealing(WebUiCommonHelper.java:774)
	at com.kms.katalon.core.webui.common.WebUiCommonHelper.findWebElements(WebUiCommonHelper.java:758)
	at com.kms.katalon.core.webui.common.WebUiCommonHelper.findWebElement(WebUiCommonHelper.java:1448)
	at com.kms.katalon.core.webui.keyword.internal.WebUIAbstractKeyword.findWebElement(WebUIAbstractKeyword.groovy:27)
	at com.kms.katalon.core.webui.keyword.builtin.VerifyElementTextKeyword$_verifyElementText_closure1.doCall(VerifyElementTextKeyword.groovy:52)
	at com.kms.katalon.core.webui.keyword.builtin.VerifyElementTextKeyword$_verifyElementText_closure1.call(VerifyElementTextKeyword.groovy)
	at com.kms.katalon.core.webui.keyword.internal.WebUIKeywordMain.runKeyword(WebUIKeywordMain.groovy:35)
	... 22 more

2025-07-10 13:54:32.906 INFO  c.k.katalon.core.main.TestCaseExecutor   - END Test Cases/Indicator Current Date-1, 1 response interval and 1 reporting days
2025-07-10 13:54:32.911 INFO  c.k.katalon.core.main.TestCaseExecutor   - --------------------
2025-07-10 13:54:32.911 INFO  c.k.katalon.core.main.TestCaseExecutor   - START Test Cases/Indicator Current Date-1, 1 response interval and 1 reporting days
2025-07-10 13:54:32.955 DEBUG 1 response interval and 1 reporting days - 1: openBrowser("")
2025-07-10 13:54:32.960 WARN  c.k.k.core.webui.driver.DriverFactory    - A browser is already opened. Closing browser and opening a new one
2025-07-10 13:54:33.715 INFO  c.k.k.core.webui.driver.DriverFactory    - Starting 'Chrome' driver
2025-07-10 13:54:33.719 INFO  c.k.k.core.webui.driver.DriverFactory    - Action delay is set to 0 milliseconds
Jul 10, 2025 1:54:35 PM org.openqa.selenium.devtools.CdpVersionFinder findNearestMatch
WARNING: Unable to find an exact match for CDP version 137, returning the closest version; found: 135; Please update to a Selenium version that supports CDP version 137
2025-07-10 13:54:35.240 INFO  c.k.k.core.webui.driver.DriverFactory    - sessionId = 7a53c4bff40529f840d33cddc0aaaa21
2025-07-10 13:54:35.244 INFO  c.k.k.core.webui.driver.DriverFactory    - browser = Chrome 137.0.7151.120
2025-07-10 13:54:35.244 INFO  c.k.k.core.webui.driver.DriverFactory    - platform = Windows 11
2025-07-10 13:54:35.246 INFO  c.k.k.core.webui.driver.DriverFactory    - seleniumVersion = 4.28.1
2025-07-10 13:54:35.249 INFO  c.k.k.core.webui.driver.DriverFactory    - proxyInformation = ProxyInformation { proxyOption=NO_PROXY, proxyServerType=HTTP, username=, password=********, proxyServerAddress=, proxyServerPort=0, executionList="", isApplyToDesiredCapabilities=true }
2025-07-10 13:54:35.286 DEBUG 1 response interval and 1 reporting days - 2: navigateToUrl("https://bug-nation.cgrfoundation-staging.com/accounts/login")
2025-07-10 13:54:36.103 DEBUG 1 response interval and 1 reporting days - 3: maximizeWindow()
2025-07-10 13:54:36.181 DEBUG 1 response interval and 1 reporting days - 4: setText(findTestObject("Object Repository/Page_CGR Foundation/input_Email address_accountemail"), "santhosh.nidamanuri@corpgovrisk.com")
2025-07-10 13:54:37.096 DEBUG 1 response interval and 1 reporting days - 5: setEncryptedText(findTestObject("Object Repository/Page_CGR Foundation/input_Password_accountpassword"), "g9InqrzvBVyAQwkGaiz+Ig==")
2025-07-10 13:54:37.486 DEBUG 1 response interval and 1 reporting days - 6: click(findTestObject("Object Repository/Page_CGR Foundation/input_Remember me_commit"))
2025-07-10 13:54:37.910 DEBUG 1 response interval and 1 reporting days - 7: navigateToUrl("https://bug-nation.cgrfoundation-staging.com/indicators/110")
