Warning: NLS unused message: QTEST in: com.kms.katalon.constants.globalMessages
Warning: NLS missing message: QTEST_NAME in: com.kms.katalon.constants.globalMessages
2025-07-28 11:05:53.824 INFO  c.k.katalon.core.main.TestSuiteExecutor  - START Test Suites/Indicator/Indicator reporting days
2025-07-28 11:05:53.980 INFO  c.k.katalon.core.main.TestSuiteExecutor  - userFullName = Santhosh Nidamanuri
2025-07-28 11:05:53.980 INFO  c.k.katalon.core.main.TestSuiteExecutor  - projectName = RegressionSuite
2025-07-28 11:05:53.996 INFO  c.k.katalon.core.main.TestSuiteExecutor  - hostName = santh - Santhosh
2025-07-28 11:05:53.996 INFO  c.k.katalon.core.main.TestSuiteExecutor  - os = Windows 11 64bit
2025-07-28 11:05:53.999 INFO  c.k.katalon.core.main.TestSuiteExecutor  - hostAddress = 192.168.29.137
2025-07-28 11:05:54.001 INFO  c.k.katalon.core.main.TestSuiteExecutor  - katalonVersion = 10.2.3.0
2025-07-28 11:05:54.856 INFO  c.k.katalon.core.main.TestCaseExecutor   - --------------------
2025-07-28 11:05:54.856 INFO  c.k.katalon.core.main.TestCaseExecutor   - START Test Cases/Indicator Current Date-1, 1 response interval and 1 reporting days
2025-07-28 11:05:55.436 DEBUG 1 response interval and 1 reporting days - 1: openBrowser("https://bug-nation.cgrfoundation-staging.com/accounts/login")
2025-07-28 11:05:55.892 INFO  c.k.k.c.w.util.WebDriverPropertyUtil     - User set preference: ['browserVersion', '134']
2025-07-28 11:05:55.892 INFO  c.k.k.c.w.util.WebDriverPropertyUtil     - User set preference: ['browserName', 'chrome']
2025-07-28 11:05:55.913 INFO  c.k.k.c.w.util.WebDriverPropertyUtil     - User set preference: ['platformName', 'windows']
2025-07-28 11:05:55.913 INFO  c.k.k.c.w.util.WebDriverPropertyUtil     - User set preference: ['katalon:options', '{metadata={organizationId=2293188, accountId=1532955, channel=kse;v=10.2.3, projectId=2256648}, executionMode=queue, usingTunnel=false}']
2025-07-28 11:05:55.988 INFO  c.k.k.core.webui.driver.DriverFactory    - Connecting to remote web server 'testcloud.katalon.com/hub' with type 'Selenium'
2025-07-28 11:05:56.383 INFO  c.k.k.core.webui.driver.DriverFactory    - Action delay is set to 0 milliseconds
2025-07-28 11:08:56.575 ERROR c.k.k.core.keyword.internal.KeywordMain  - ❌ Unable to open browser with url: 'https://bug-nation.cgrfoundation-staging.com/accounts/login' (Root cause: com.kms.katalon.core.exception.StepFailedException: Unable to open browser with url: 'https://bug-nation.cgrfoundation-staging.com/accounts/login'
	at com.kms.katalon.core.webui.keyword.internal.WebUIKeywordMain.stepFailed(WebUIKeywordMain.groovy:118)
	at com.kms.katalon.core.webui.keyword.internal.WebUIKeywordMain.runKeyword(WebUIKeywordMain.groovy:43)
	at com.kms.katalon.core.webui.keyword.builtin.OpenBrowserKeyword.openBrowser(OpenBrowserKeyword.groovy:47)
	at com.kms.katalon.core.webui.keyword.builtin.OpenBrowserKeyword.execute(OpenBrowserKeyword.groovy:33)
	at com.kms.katalon.core.keyword.internal.KeywordExecutor.executeKeywordForPlatform(KeywordExecutor.groovy:64)
	at com.kms.katalon.core.webui.keyword.WebUiBuiltInKeywords.openBrowser(WebUiBuiltInKeywords.groovy:62)
	at Indicator Current Date-1, 1 response interval and 1 reporting days.run(Indicator Current Date-1, 1 response interval and 1 reporting days:25)
	at com.kms.katalon.core.main.ScriptEngine.run(ScriptEngine.java:194)
	at com.kms.katalon.core.main.ScriptEngine.runScriptAsRawText(ScriptEngine.java:119)
	at com.kms.katalon.core.main.TestCaseExecutor.runScript(TestCaseExecutor.java:485)
	at com.kms.katalon.core.main.TestCaseExecutor.doExecute(TestCaseExecutor.java:476)
	at com.kms.katalon.core.main.TestCaseExecutor.processExecutionPhase(TestCaseExecutor.java:455)
	at com.kms.katalon.core.main.TestCaseExecutor.accessMainPhase(TestCaseExecutor.java:447)
	at com.kms.katalon.core.main.TestCaseExecutor.execute(TestCaseExecutor.java:321)
	at com.kms.katalon.core.common.CommonExecutor.accessTestCaseMainPhase(CommonExecutor.java:71)
	at com.kms.katalon.core.main.TestSuiteExecutor.accessTestSuiteMainPhase(TestSuiteExecutor.java:160)
	at com.kms.katalon.core.main.TestSuiteExecutor.execute(TestSuiteExecutor.java:107)
	at com.kms.katalon.core.main.TestCaseMain.startTestSuite(TestCaseMain.java:195)
	at TempTestSuite1753680947592.run(TempTestSuite1753680947592.groovy:35)
	at java.base/jdk.internal.reflect.NativeMethodAccessorImpl.invoke0(Native Method)
	at java.base/jdk.internal.reflect.NativeMethodAccessorImpl.invoke(NativeMethodAccessorImpl.java:77)
	at java.base/jdk.internal.reflect.DelegatingMethodAccessorImpl.invoke(DelegatingMethodAccessorImpl.java:43)
Caused by: org.openqa.selenium.SessionNotCreatedException: Could not start a new session. Possible causes are invalid address of the remote server or browser start-up failure. 
Host info: host: 'SANTHOSH', ip: '192.168.29.137'
	at org.openqa.selenium.remote.RemoteWebDriver.execute(RemoteWebDriver.java:563)
	at org.openqa.selenium.remote.RemoteWebDriver.startSession(RemoteWebDriver.java:245)
	at org.openqa.selenium.remote.RemoteWebDriver.<init>(RemoteWebDriver.java:174)
	at com.kms.katalon.selenium.driver.CRemoteWebDriver.<init>(CRemoteWebDriver.java:46)
	at com.kms.katalon.core.webui.driver.remote.GenericRemoteDriverBuilder.build(GenericRemoteDriverBuilder.java:69)
	at com.kms.katalon.core.webui.driver.DriverFactory.startRemoteBrowser(DriverFactory.java:220)
	at com.kms.katalon.core.webui.driver.DriverFactory.openWebDriver(DriverFactory.java:160)
	at com.kms.katalon.core.webui.keyword.builtin.OpenBrowserKeyword$_openBrowser_closure1.doCall(OpenBrowserKeyword.groovy:40)
	at com.kms.katalon.core.webui.keyword.builtin.OpenBrowserKeyword$_openBrowser_closure1.call(OpenBrowserKeyword.groovy)
	at com.kms.katalon.core.webui.keyword.internal.WebUIKeywordMain.runKeyword(WebUIKeywordMain.groovy:35)
	at com.kms.katalon.core.webui.keyword.builtin.OpenBrowserKeyword.openBrowser(OpenBrowserKeyword.groovy:47)
	at com.kms.katalon.core.webui.keyword.builtin.OpenBrowserKeyword.execute(OpenBrowserKeyword.groovy:33)
	at com.kms.katalon.core.keyword.internal.KeywordExecutor.executeKeywordForPlatform(KeywordExecutor.groovy:64)
	at com.kms.katalon.core.webui.keyword.WebUiBuiltInKeywords.openBrowser(WebUiBuiltInKeywords.groovy:62)
	at Script1752064572909.run(Script1752064572909.groovy:25)
	... 15 more
Caused by: org.openqa.selenium.TimeoutException: java.util.concurrent.TimeoutException
Build info: version: '4.28.1', revision: '73f5ad48a2'
System info: os.name: 'Windows 11', os.arch: 'amd64', os.version: '10.0', java.version: '17.0.14'
Driver info: driver.version: CRemoteWebDriver
	at org.openqa.selenium.remote.http.jdk.JdkHttpClient.execute(JdkHttpClient.java:424)
	at org.openqa.selenium.remote.ProtocolHandshake.createSession(ProtocolHandshake.java:89)
	at org.openqa.selenium.remote.ProtocolHandshake.createSession(ProtocolHandshake.java:75)
	at org.openqa.selenium.remote.ProtocolHandshake.createSession(ProtocolHandshake.java:61)
	at org.openqa.selenium.remote.HttpCommandExecutor.execute(HttpCommandExecutor.java:187)
	at org.openqa.selenium.remote.RemoteWebDriver.execute(RemoteWebDriver.java:545)
	... 29 more
Caused by: java.util.concurrent.TimeoutException
)
2025-07-28 11:08:56.595 ERROR c.k.katalon.core.main.TestCaseExecutor   - ❌ Test Cases/Indicator Current Date-1, 1 response interval and 1 reporting days FAILED.
Reason:
com.kms.katalon.core.exception.StepFailedException: Unable to open browser with url: 'https://bug-nation.cgrfoundation-staging.com/accounts/login'
	at com.kms.katalon.core.webui.keyword.internal.WebUIKeywordMain.stepFailed(WebUIKeywordMain.groovy:118)
	at com.kms.katalon.core.webui.keyword.internal.WebUIKeywordMain.runKeyword(WebUIKeywordMain.groovy:43)
	at com.kms.katalon.core.webui.keyword.builtin.OpenBrowserKeyword.openBrowser(OpenBrowserKeyword.groovy:47)
	at com.kms.katalon.core.webui.keyword.builtin.OpenBrowserKeyword.execute(OpenBrowserKeyword.groovy:33)
	at com.kms.katalon.core.keyword.internal.KeywordExecutor.executeKeywordForPlatform(KeywordExecutor.groovy:64)
	at com.kms.katalon.core.webui.keyword.WebUiBuiltInKeywords.openBrowser(WebUiBuiltInKeywords.groovy:62)
	at Indicator Current Date-1, 1 response interval and 1 reporting days.run(Indicator Current Date-1, 1 response interval and 1 reporting days:25)
	at com.kms.katalon.core.main.ScriptEngine.run(ScriptEngine.java:194)
	at com.kms.katalon.core.main.ScriptEngine.runScriptAsRawText(ScriptEngine.java:119)
	at com.kms.katalon.core.main.TestCaseExecutor.runScript(TestCaseExecutor.java:485)
	at com.kms.katalon.core.main.TestCaseExecutor.doExecute(TestCaseExecutor.java:476)
	at com.kms.katalon.core.main.TestCaseExecutor.processExecutionPhase(TestCaseExecutor.java:455)
	at com.kms.katalon.core.main.TestCaseExecutor.accessMainPhase(TestCaseExecutor.java:447)
	at com.kms.katalon.core.main.TestCaseExecutor.execute(TestCaseExecutor.java:321)
	at com.kms.katalon.core.common.CommonExecutor.accessTestCaseMainPhase(CommonExecutor.java:71)
	at com.kms.katalon.core.main.TestSuiteExecutor.accessTestSuiteMainPhase(TestSuiteExecutor.java:160)
	at com.kms.katalon.core.main.TestSuiteExecutor.execute(TestSuiteExecutor.java:107)
	at com.kms.katalon.core.main.TestCaseMain.startTestSuite(TestCaseMain.java:195)
	at TempTestSuite1753680947592.run(TempTestSuite1753680947592.groovy:35)
	at java.base/jdk.internal.reflect.NativeMethodAccessorImpl.invoke0(Native Method)
	at java.base/jdk.internal.reflect.NativeMethodAccessorImpl.invoke(NativeMethodAccessorImpl.java:77)
	at java.base/jdk.internal.reflect.DelegatingMethodAccessorImpl.invoke(DelegatingMethodAccessorImpl.java:43)
Caused by: org.openqa.selenium.SessionNotCreatedException: Could not start a new session. Possible causes are invalid address of the remote server or browser start-up failure. 
Host info: host: 'SANTHOSH', ip: '192.168.29.137'
	at org.openqa.selenium.remote.RemoteWebDriver.execute(RemoteWebDriver.java:563)
	at org.openqa.selenium.remote.RemoteWebDriver.startSession(RemoteWebDriver.java:245)
	at org.openqa.selenium.remote.RemoteWebDriver.<init>(RemoteWebDriver.java:174)
	at com.kms.katalon.selenium.driver.CRemoteWebDriver.<init>(CRemoteWebDriver.java:46)
	at com.kms.katalon.core.webui.driver.remote.GenericRemoteDriverBuilder.build(GenericRemoteDriverBuilder.java:69)
	at com.kms.katalon.core.webui.driver.DriverFactory.startRemoteBrowser(DriverFactory.java:220)
	at com.kms.katalon.core.webui.driver.DriverFactory.openWebDriver(DriverFactory.java:160)
	at com.kms.katalon.core.webui.keyword.builtin.OpenBrowserKeyword$_openBrowser_closure1.doCall(OpenBrowserKeyword.groovy:40)
	at com.kms.katalon.core.webui.keyword.builtin.OpenBrowserKeyword$_openBrowser_closure1.call(OpenBrowserKeyword.groovy)
	at com.kms.katalon.core.webui.keyword.internal.WebUIKeywordMain.runKeyword(WebUIKeywordMain.groovy:35)
	at com.kms.katalon.core.webui.keyword.builtin.OpenBrowserKeyword.openBrowser(OpenBrowserKeyword.groovy:47)
	at com.kms.katalon.core.webui.keyword.builtin.OpenBrowserKeyword.execute(OpenBrowserKeyword.groovy:33)
	at com.kms.katalon.core.keyword.internal.KeywordExecutor.executeKeywordForPlatform(KeywordExecutor.groovy:64)
	at com.kms.katalon.core.webui.keyword.WebUiBuiltInKeywords.openBrowser(WebUiBuiltInKeywords.groovy:62)
	at Script1752064572909.run(Script1752064572909.groovy:25)
	... 15 more
Caused by: org.openqa.selenium.TimeoutException: java.util.concurrent.TimeoutException
Build info: version: '4.28.1', revision: '73f5ad48a2'
System info: os.name: 'Windows 11', os.arch: 'amd64', os.version: '10.0', java.version: '17.0.14'
Driver info: driver.version: CRemoteWebDriver
	at org.openqa.selenium.remote.http.jdk.JdkHttpClient.execute(JdkHttpClient.java:424)
	at org.openqa.selenium.remote.ProtocolHandshake.createSession(ProtocolHandshake.java:89)
	at org.openqa.selenium.remote.ProtocolHandshake.createSession(ProtocolHandshake.java:75)
	at org.openqa.selenium.remote.ProtocolHandshake.createSession(ProtocolHandshake.java:61)
	at org.openqa.selenium.remote.HttpCommandExecutor.execute(HttpCommandExecutor.java:187)
	at org.openqa.selenium.remote.RemoteWebDriver.execute(RemoteWebDriver.java:545)
	... 29 more
Caused by: java.util.concurrent.TimeoutException

2025-07-28 11:08:56.611 INFO  c.k.katalon.core.main.TestCaseExecutor   - END Test Cases/Indicator Current Date-1, 1 response interval and 1 reporting days
2025-07-28 11:08:56.637 INFO  c.k.katalon.core.main.TestCaseExecutor   - --------------------
2025-07-28 11:08:56.637 INFO  c.k.katalon.core.main.TestCaseExecutor   - START Test Cases/AdminSection
2025-07-28 11:08:56.872 DEBUG testcase.AdminSection                    - 1: openBrowser("")
2025-07-28 11:08:56.893 INFO  c.k.k.c.w.util.WebDriverPropertyUtil     - User set preference: ['browserVersion', '134']
2025-07-28 11:08:56.895 INFO  c.k.k.c.w.util.WebDriverPropertyUtil     - User set preference: ['browserName', 'chrome']
2025-07-28 11:08:56.899 INFO  c.k.k.c.w.util.WebDriverPropertyUtil     - User set preference: ['platformName', 'windows']
2025-07-28 11:08:56.901 INFO  c.k.k.c.w.util.WebDriverPropertyUtil     - User set preference: ['katalon:options', '{metadata={organizationId=2293188, accountId=1532955, channel=kse;v=10.2.3, projectId=2256648}, executionMode=queue, usingTunnel=false}']
2025-07-28 11:08:56.931 INFO  c.k.k.core.webui.driver.DriverFactory    - Connecting to remote web server 'testcloud.katalon.com/hub' with type 'Selenium'
2025-07-28 11:08:56.949 INFO  c.k.k.core.webui.driver.DriverFactory    - Action delay is set to 0 milliseconds
